apiVersion: v1
data: {}
kind: Secret
metadata:
  annotations: {}
  labels:
    name: openshift4-s3-forwarder
  name: openshift4-s3-forwarder
stringData:
  access_key: t-silent-test-1234/c-green-test-1234/openshift4-s3-forwarder/openshift4-s3-forwarder/s3/accesskey
  secret_key: t-silent-test-1234/c-green-test-1234/openshift4-s3-forwarder/openshift4-s3-forwarder/s3/secretkey
  shared_key: t-silent-test-1234/c-green-test-1234/openshift4-s3-forwarder/openshift4-s3-forwarder/fluentd/sharedkey
type: Opaque
